<table border='1'><tr><td colspan='2' rowspan='2' style='padding:10px;text-align:left'>Sample_Index</td>
<td colspan='6' rowspan='1' style='background-color:#4F81BD;text-align:center'>a</td>
<td colspan='1' rowspan='1' style='background-color:#4F81BD;text-align:center'>b</td>
</tr>
<tr><td colspan='5' rowspan='1' style='background-color:#4F81BD;text-align:center'>1</td>
<td colspan='1' rowspan='1' style='background-color:#4F81BD;text-align:center'>2</td>
<td colspan='1' rowspan='1' style='background-color:#4F81BD;text-align:center'>1</td>
</tr>
<tr><td colspan='1' rowspan='7' style='background-color:#4F81BD;text-align:center'>a</td>
<td colspan='1' rowspan='1' style='background-color:#4F81BD;text-align:center'>1</td>
<td colspan='5' rowspan='1' style='padding:10px;text-align:right'>0.1</td>
<td colspan='1' rowspan='1' style='padding:10px;text-align:right'>100</td>
<td colspan='1' rowspan='1' style='padding:10px;text-align:left'>True</td>
</tr>
<tr><td colspan='1' rowspan='6' style='background-color:#4F81BD;text-align:center'>2</td>
<td colspan='2' rowspan='2' style='padding:10px;text-align:left'>inner_df</td>
<td colspan='2' rowspan='1' style='background-color:#4F81BD;text-align:center'>a</td>
<td colspan='1' rowspan='1' style='background-color:#4F81BD;text-align:center'>b</td>
<td colspan='1' rowspan='6' style='padding:10px;text-align:right'>200</td>
<td colspan='1' rowspan='6' style='padding:10px;text-align:left'>False</td>
</tr>
<tr><td colspan='1' rowspan='1' style='background-color:#4F81BD;text-align:center'>1</td>
<td colspan='1' rowspan='1' style='background-color:#4F81BD;text-align:center'>2</td>
<td colspan='1' rowspan='1' style='background-color:#4F81BD;text-align:center'>1</td>
</tr>
<tr><td colspan='1' rowspan='2' style='background-color:#4F81BD;text-align:center'>a</td>
<td colspan='1' rowspan='1' style='background-color:#4F81BD;text-align:center'>1</td>
<td colspan='1' rowspan='1' style='padding:10px;text-align:right'>0.1</td>
<td colspan='1' rowspan='1' style='padding:10px;text-align:right'>100</td>
<td colspan='1' rowspan='1' style='padding:10px;text-align:left'>True</td>
</tr>
<tr><td colspan='1' rowspan='1' style='background-color:#4F81BD;text-align:center'>2</td>
<td colspan='1' rowspan='1' style='padding:10px;text-align:right'>0.2</td>
<td colspan='1' rowspan='1' style='padding:10px;text-align:right'>200</td>
<td colspan='1' rowspan='1' style='padding:10px;text-align:left'>False</td>
</tr>
<tr><td colspan='1' rowspan='2' style='background-color:#4F81BD;text-align:center'>b</td>
<td colspan='1' rowspan='1' style='background-color:#4F81BD;text-align:center'>1</td>
<td colspan='1' rowspan='1' style='padding:10px;text-align:right'>0.3</td>
<td colspan='1' rowspan='1' style='padding:10px;text-align:right'>300</td>
<td colspan='1' rowspan='1' style='padding:10px;text-align:left'>True</td>
</tr>
<tr><td colspan='1' rowspan='1' style='background-color:#4F81BD;text-align:center'>2</td>
<td colspan='1' rowspan='1' style='padding:10px;text-align:right'>0.4</td>
<td colspan='1' rowspan='1' style='padding:10px;text-align:right'>100</td>
<td colspan='1' rowspan='1' style='padding:10px;text-align:left'>False</td>
</tr>
<tr><td colspan='1' rowspan='2' style='background-color:#4F81BD;text-align:center'>b</td>
<td colspan='1' rowspan='1' style='background-color:#4F81BD;text-align:center'>1</td>
<td colspan='5' rowspan='1' style='padding:10px;text-align:right'>0.3</td>
<td colspan='1' rowspan='1' style='padding:10px;text-align:right'>300</td>
<td colspan='1' rowspan='1' style='padding:10px;text-align:left'>True</td>
</tr>
<tr><td colspan='1' rowspan='1' style='background-color:#4F81BD;text-align:center'>2</td>
<td colspan='5' rowspan='1' style='padding:10px;text-align:right'>0.4</td>
<td colspan='1' rowspan='1' style='padding:10px;text-align:right'>100</td>
<td colspan='1' rowspan='1' style='padding:10px;text-align:left'>False</td>
</tr>
</table>
