<table><td style="vertical-align:top"><table><tr style="vertical-align:top;"><td style="vertical-align:top;"><table border='1'><tr><td colspan='1' rowspan='1' style='padding:10px;text-align:left'>Sample_Index</td>
<td colspan='1' rowspan='1' style='background-color:#4F81BD;text-align:center'>a</td>
<td colspan='4' rowspan='1' style='background-color:#4F81BD;text-align:center'>b</td>
<td colspan='1' rowspan='1' style='background-color:#4F81BD;text-align:center'>c</td>
</tr>
<tr><td colspan='1' rowspan='1' style='background-color:#4F81BD;text-align:center'>100</td>
<td colspan='1' rowspan='1' style='padding:10px;text-align:right'>0.1</td>
<td colspan='4' rowspan='1' style='padding:10px;text-align:right'>100</td>
<td colspan='1' rowspan='1' style='padding:10px;text-align:left'>True</td>
</tr>
<tr><td colspan='1' rowspan='5' style='background-color:#4F81BD;text-align:center'>200</td>
<td colspan='1' rowspan='5' style='padding:10px;text-align:right'>0.2</td>
<td colspan='1' rowspan='1' style='padding:10px;text-align:left'>inner_df</td>
<td colspan='1' rowspan='1' style='background-color:#4F81BD;text-align:center'>a</td>
<td colspan='1' rowspan='1' style='background-color:#4F81BD;text-align:center'>b</td>
<td colspan='1' rowspan='1' style='background-color:#4F81BD;text-align:center'>c</td>
<td colspan='1' rowspan='5' style='padding:10px;text-align:left'>False</td>
</tr>
<tr><td colspan='1' rowspan='1' style='background-color:#4F81BD;text-align:center'>100</td>
<td colspan='1' rowspan='1' style='padding:10px;text-align:right'>0.1</td>
<td colspan='1' rowspan='1' style='padding:10px;text-align:right'>100</td>
<td colspan='1' rowspan='1' style='padding:10px;text-align:right'>1</td>
</tr>
<tr><td colspan='1' rowspan='1' style='background-color:#4F81BD;text-align:center'>200</td>
<td colspan='1' rowspan='1' style='padding:10px;text-align:right'>0.2</td>
<td colspan='1' rowspan='1' style='padding:10px;text-align:right'>200</td>
<td colspan='1' rowspan='1' style='padding:10px;text-align:right'>0</td>
</tr>
<tr><td colspan='1' rowspan='1' style='background-color:#4F81BD;text-align:center'>300</td>
<td colspan='1' rowspan='1' style='padding:10px;text-align:right'>0.3</td>
<td colspan='1' rowspan='1' style='padding:10px;text-align:right'>-300</td>
<td colspan='1' rowspan='1' style='padding:10px;text-align:right'>1</td>
</tr>
<tr><td colspan='1' rowspan='1' style='background-color:#4F81BD;text-align:center'>400</td>
<td colspan='1' rowspan='1' style='padding:10px;text-align:right'>1.0</td>
<td colspan='1' rowspan='1' style='padding:10px;text-align:right'>2</td>
<td colspan='1' rowspan='1' style='padding:10px;text-align:right'>3</td>
</tr>
<tr><td colspan='1' rowspan='1' style='background-color:#4F81BD;text-align:center'>300</td>
<td colspan='1' rowspan='1' style='padding:10px;text-align:right'>0.3</td>
<td colspan='4' rowspan='1' style='padding:10px;text-align:right'>-300</td>
<td colspan='1' rowspan='1' style='padding:10px;text-align:left'>True</td>
</tr>
</table>
</td></tr><tr style="vertical-align:top;"><td style="vertical-align:top;"><table border='1'><tr><td colspan='1' rowspan='1' style='padding:10px;text-align:left'>inner_df</td>
<td colspan='1' rowspan='1' style='background-color:#4F81BD;text-align:center'>a</td>
<td colspan='1' rowspan='1' style='background-color:#4F81BD;text-align:center'>b</td>
<td colspan='1' rowspan='1' style='background-color:#4F81BD;text-align:center'>c</td>
</tr>
<tr><td colspan='1' rowspan='1' style='background-color:#4F81BD;text-align:center'>100</td>
<td colspan='1' rowspan='1' style='padding:10px;text-align:right'>0.1</td>
<td colspan='1' rowspan='1' style='padding:10px;text-align:right'>100</td>
<td colspan='1' rowspan='1' style='padding:10px;text-align:right'>1</td>
</tr>
<tr><td colspan='1' rowspan='1' style='background-color:#4F81BD;text-align:center'>200</td>
<td colspan='1' rowspan='1' style='padding:10px;text-align:right'>0.2</td>
<td colspan='1' rowspan='1' style='padding:10px;text-align:right'>200</td>
<td colspan='1' rowspan='1' style='padding:10px;text-align:right'>0</td>
</tr>
<tr><td colspan='1' rowspan='1' style='background-color:#4F81BD;text-align:center'>300</td>
<td colspan='1' rowspan='1' style='padding:10px;text-align:right'>0.3</td>
<td colspan='1' rowspan='1' style='padding:10px;text-align:right'>-300</td>
<td colspan='1' rowspan='1' style='padding:10px;text-align:right'>1</td>
</tr>
<tr><td colspan='1' rowspan='1' style='background-color:#4F81BD;text-align:center'>400</td>
<td colspan='1' rowspan='1' style='padding:10px;text-align:right'>1.0</td>
<td colspan='1' rowspan='1' style='padding:10px;text-align:right'>2</td>
<td colspan='1' rowspan='1' style='padding:10px;text-align:right'>3</td>
</tr>
</table>
</td></tr></table></td><td style="vertical-align:top"><table border='1'><tr><td colspan='1' rowspan='1' style='padding:10px;text-align:left'>Sample_Index</td>
<td colspan='1' rowspan='1' style='background-color:#4F81BD;text-align:center'>a</td>
<td colspan='4' rowspan='1' style='background-color:#4F81BD;text-align:center'>b</td>
<td colspan='1' rowspan='1' style='background-color:#4F81BD;text-align:center'>c</td>
</tr>
<tr><td colspan='1' rowspan='1' style='background-color:#4F81BD;text-align:center'>100</td>
<td colspan='1' rowspan='1' style='padding:10px;text-align:right'>0.1</td>
<td colspan='4' rowspan='1' style='padding:10px;text-align:right'>100</td>
<td colspan='1' rowspan='1' style='padding:10px;text-align:left'>True</td>
</tr>
<tr><td colspan='1' rowspan='5' style='background-color:#4F81BD;text-align:center'>200</td>
<td colspan='1' rowspan='5' style='padding:10px;text-align:right'>0.2</td>
<td colspan='1' rowspan='1' style='padding:10px;text-align:left'>inner_df</td>
<td colspan='1' rowspan='1' style='background-color:#4F81BD;text-align:center'>a</td>
<td colspan='1' rowspan='1' style='background-color:#4F81BD;text-align:center'>b</td>
<td colspan='1' rowspan='1' style='background-color:#4F81BD;text-align:center'>c</td>
<td colspan='1' rowspan='5' style='padding:10px;text-align:left'>False</td>
</tr>
<tr><td colspan='1' rowspan='1' style='background-color:#4F81BD;text-align:center'>100</td>
<td colspan='1' rowspan='1' style='padding:10px;text-align:right'>0.1</td>
<td colspan='1' rowspan='1' style='padding:10px;text-align:right'>100</td>
<td colspan='1' rowspan='1' style='padding:10px;text-align:right'>1</td>
</tr>
<tr><td colspan='1' rowspan='1' style='background-color:#4F81BD;text-align:center'>200</td>
<td colspan='1' rowspan='1' style='padding:10px;text-align:right'>0.2</td>
<td colspan='1' rowspan='1' style='padding:10px;text-align:right'>200</td>
<td colspan='1' rowspan='1' style='padding:10px;text-align:right'>0</td>
</tr>
<tr><td colspan='1' rowspan='1' style='background-color:#4F81BD;text-align:center'>300</td>
<td colspan='1' rowspan='1' style='padding:10px;text-align:right'>0.3</td>
<td colspan='1' rowspan='1' style='padding:10px;text-align:right'>-300</td>
<td colspan='1' rowspan='1' style='padding:10px;text-align:right'>1</td>
</tr>
<tr><td colspan='1' rowspan='1' style='background-color:#4F81BD;text-align:center'>400</td>
<td colspan='1' rowspan='1' style='padding:10px;text-align:right'>1.0</td>
<td colspan='1' rowspan='1' style='padding:10px;text-align:right'>2</td>
<td colspan='1' rowspan='1' style='padding:10px;text-align:right'>3</td>
</tr>
<tr><td colspan='1' rowspan='1' style='background-color:#4F81BD;text-align:center'>300</td>
<td colspan='1' rowspan='1' style='padding:10px;text-align:right'>0.3</td>
<td colspan='4' rowspan='1' style='padding:10px;text-align:right'>-300</td>
<td colspan='1' rowspan='1' style='padding:10px;text-align:left'>True</td>
</tr>
</table>
</td></table>